// Vitest Snapshot v1, https://vitest.dev/guide/snapshot.html

exports[`NewPostForm component > should take a snapshot 1`] = `
<DocumentFragment>
  <script
    nonce=""
  >
    ((e,i,s,u,m,a,l,h)=&gt;{let d=document.documentElement,w=["light","dark"];function p(n){(Array.isArray(e)?e:[e]).forEach(y=&gt;{let k=y==="class",S=k&&a?m.map(f=&gt;a[f]||f):m;k?(d.classList.remove(...S),d.classList.add(a&&a[n]?a[n]:n)):d.setAttribute(y,n)}),R(n)}function R(n){h&&w.includes(n)&&(d.style.colorScheme=n)}function c(){return window.matchMedia("(prefers-color-scheme: dark)").matches?"dark":"light"}if(u)p(u);else try{let n=localStorage.getItem(i)||s,y=l&&n==="system"?c():n;p(y)}catch(n){}})("class","theme","system",null,["light","dark"],null,true,true)
  </script>
  <form
    role="form"
  >
    <div
      class="chakra-stack css-1igwmid"
    >
      <input
        class="chakra-input css-1hens3x"
        data-testid="name-input"
        name="name"
        placeholder="Nombre"
        type="text"
      />
      <input
        class="chakra-input css-1hens3x"
        data-testid="description-input"
        name="description"
        placeholder="DescripciÃ³n"
        type="text"
      />
      <button
        class="chakra-button css-4hnymn"
        data-testid="submit-button"
        type="submit"
      >
        Crear
      </button>
    </div>
  </form>
  <div>
    Toaster
  </div>
</DocumentFragment>
`;
